bitslice_test u32   IN 0 bs1.in
bitslice_test bit   OUT FALSE bs1.out-00
bitslice_test bit   OUT FALSE bs1.out-01
bitslice_test s32   OUT 0 bs1.time
bitslice_test u32   IN 0 bs2.in
bitslice_test bit   OUT FALSE bs2.out-00
bitslice_test bit   OUT FALSE bs2.out-01
bitslice_test bit   OUT FALSE bs2.out-02
bitslice_test s32   OUT 0 bs2.time
bitslice_test u32   IN 0 bs3.in
bitslice_test bit   OUT FALSE bs3.out-00
bitslice_test bit   OUT FALSE bs3.out-01
bitslice_test s32   OUT 0 bs3.time
bitslice_test u32   IN 0 bs4.in
bitslice_test bit   OUT FALSE bs4.out-00
bitslice_test bit   OUT FALSE bs4.out-01
bitslice_test bit   OUT FALSE bs4.out-02
bitslice_test s32   OUT 0 bs4.time
lincurve_test float IN 0 lc1.in
lincurve_test float OUT 0 lc1.out
lincurve_test float I/O 0 lc1.out-io
lincurve_test s32   OUT 0 lc1.time
lincurve_test float IN 0 lc2.in
lincurve_test float OUT 0 lc2.out
lincurve_test float I/O 0 lc2.out-io
lincurve_test s32   OUT 0 lc2.time
lincurve_test float IN 0 lc3.in
lincurve_test float OUT 0 lc3.out
lincurve_test float I/O 0 lc3.out-io
lincurve_test s32   OUT 0 lc3.time
lincurve_test float IN 0 lc4.in
lincurve_test float OUT 0 lc4.out
lincurve_test float I/O 0 lc4.out-io
lincurve_test s32   OUT 0 lc4.time
logic_test bit   OUT FALSE lg1.and
logic_test bit   IN FALSE lg1.in-00
logic_test bit   IN FALSE lg1.in-01
logic_test s32   OUT 0 lg1.time
logic_test bit   IN FALSE lg2.in-00
logic_test bit   IN FALSE lg2.in-01
logic_test bit   IN FALSE lg2.in-02
logic_test bit   IN FALSE lg2.in-03
logic_test bit   OUT FALSE lg2.or
logic_test s32   OUT 0 lg2.time
logic_test bit   OUT FALSE lg3.and
logic_test bit   IN FALSE lg3.in-00
logic_test bit   IN FALSE lg3.in-01
logic_test s32   OUT 0 lg3.time
logic_test bit   IN FALSE lg4.in-00
logic_test bit   IN FALSE lg4.in-01
logic_test bit   IN FALSE lg4.in-02
logic_test bit   IN FALSE lg4.in-03
logic_test bit   OUT FALSE lg4.or
logic_test s32   OUT 0 lg4.time

bitslice_test s32   RW 0 bs1.tmax
bitslice_test bit   RO FALSE bs1.tmax-increased
bitslice_test s32   RW 0 bs2.tmax
bitslice_test bit   RO FALSE bs2.tmax-increased
bitslice_test s32   RW 0 bs3.tmax
bitslice_test bit   RO FALSE bs3.tmax-increased
bitslice_test s32   RW 0 bs4.tmax
bitslice_test bit   RO FALSE bs4.tmax-increased
lincurve_test s32   RW 0 lc1.tmax
lincurve_test bit   RO FALSE lc1.tmax-increased
lincurve_test float RW 0 lc1.x-val-00
lincurve_test float RW 0 lc1.x-val-01
lincurve_test float RW 0 lc1.y-val-00
lincurve_test float RW 0 lc1.y-val-01
lincurve_test s32   RW 0 lc2.tmax
lincurve_test bit   RO FALSE lc2.tmax-increased
lincurve_test float RW 0 lc2.x-val-00
lincurve_test float RW 0 lc2.x-val-01
lincurve_test float RW 0 lc2.x-val-02
lincurve_test float RW 0 lc2.y-val-00
lincurve_test float RW 0 lc2.y-val-01
lincurve_test float RW 0 lc2.y-val-02
lincurve_test s32   RW 0 lc3.tmax
lincurve_test bit   RO FALSE lc3.tmax-increased
lincurve_test float RW 0 lc3.x-val-00
lincurve_test float RW 0 lc3.x-val-01
lincurve_test float RW 0 lc3.y-val-00
lincurve_test float RW 0 lc3.y-val-01
lincurve_test s32   RW 0 lc4.tmax
lincurve_test bit   RO FALSE lc4.tmax-increased
lincurve_test float RW 0 lc4.x-val-00
lincurve_test float RW 0 lc4.x-val-01
lincurve_test float RW 0 lc4.x-val-02
lincurve_test float RW 0 lc4.y-val-00
lincurve_test float RW 0 lc4.y-val-01
lincurve_test float RW 0 lc4.y-val-02
logic_test s32   RW 0 lg1.tmax
logic_test bit   RO FALSE lg1.tmax-increased
logic_test s32   RW 0 lg2.tmax
logic_test bit   RO FALSE lg2.tmax-increased
logic_test s32   RW 0 lg3.tmax
logic_test bit   RO FALSE lg3.tmax-increased
logic_test s32   RW 0 lg4.tmax
logic_test bit   RO FALSE lg4.tmax-increased

